

================================================================
== Vitis HLS Report for 'hdv_engine'
================================================================
* Date:           Wed Jun 26 13:53:19 2024

* Version:        2023.1 (Build 3854077 on May  4 2023)
* Project:        _hdc_hls_xilinx
* Solution:       solution1 (Vivado IP Flow Target)
* Product family: zynquplus
* Target device:  xczu9eg-ffvb1156-2-e


================================================================
== Performance Estimates
================================================================
+ Timing: 
    * Summary: 
    +--------+---------+----------+------------+
    |  Clock |  Target | Estimated| Uncertainty|
    +--------+---------+----------+------------+
    |ap_clk  |  5.00 ns|  3.639 ns|     1.35 ns|
    +--------+---------+----------+------------+

+ Latency: 
    * Summary: 
    +---------+---------+----------+----------+-----+-----+---------+
    |  Latency (cycles) |  Latency (absolute) |  Interval | Pipeline|
    |   min   |   max   |    min   |    max   | min | max |   Type  |
    +---------+---------+----------+----------+-----+-----+---------+
    |        ?|        ?|         ?|         ?|    ?|    ?|       no|
    +---------+---------+----------+----------+-----+-----+---------+

    + Detail: 
        * Instance: 
        +--------------------------------------------------+--------------------------------------+---------+---------+-----------+-----------+-----+-----+---------+
        |                                                  |                                      |  Latency (cycles) |   Latency (absolute)  |  Interval | Pipeline|
        |                     Instance                     |                Module                |   min   |   max   |    min    |    max    | min | max |   Type  |
        +--------------------------------------------------+--------------------------------------+---------+---------+-----------+-----------+-----+-----+---------+
        |grp_hdv_engine_Pipeline_VITIS_LOOP_286_1_fu_948   |hdv_engine_Pipeline_VITIS_LOOP_286_1  |        ?|        ?|          ?|          ?|    ?|    ?|       no|
        |grp_hdv_engine_Pipeline_VITIS_LOOP_294_2_fu_966   |hdv_engine_Pipeline_VITIS_LOOP_294_2  |        5|        5|  25.000 ns|  25.000 ns|    5|    5|       no|
        |grp_hdv_engine_Pipeline_VITIS_LOOP_511_4_fu_988   |hdv_engine_Pipeline_VITIS_LOOP_511_4  |        4|        4|  20.000 ns|  20.000 ns|    4|    4|       no|
        |grp_hdv_engine_Pipeline_VITIS_LOOP_916_7_fu_1377  |hdv_engine_Pipeline_VITIS_LOOP_916_7  |       87|       87|   0.435 us|   0.435 us|   87|   87|       no|
        |grp_hdv_engine_Pipeline_VITIS_LOOP_929_8_fu_1396  |hdv_engine_Pipeline_VITIS_LOOP_929_8  |        5|        5|  25.000 ns|  25.000 ns|    5|    5|       no|
        +--------------------------------------------------+--------------------------------------+---------+---------+-----------+-----------+-----+-----+---------+

        * Loop: 
        N/A



================================================================
== Utilization Estimates
================================================================
* Summary: 
+-----------------+---------+------+--------+--------+-----+
|       Name      | BRAM_18K|  DSP |   FF   |   LUT  | URAM|
+-----------------+---------+------+--------+--------+-----+
|DSP              |        -|    96|       -|       -|    -|
|Expression       |        -|     -|       0|    2479|    -|
|FIFO             |        -|     -|       -|       -|    -|
|Instance         |        -|    35|   10186|   14868|    -|
|Memory           |        -|     -|       -|       -|    -|
|Multiplexer      |        -|     -|       -|     290|    -|
|Register         |        -|     -|    3445|       -|    -|
+-----------------+---------+------+--------+--------+-----+
|Total            |        0|   131|   13631|   17637|    0|
+-----------------+---------+------+--------+--------+-----+
|Available        |     1824|  2520|  548160|  274080|    0|
+-----------------+---------+------+--------+--------+-----+
|Utilization (%)  |        0|     5|       2|       6|    0|
+-----------------+---------+------+--------+--------+-----+

+ Detail: 
    * Instance: 
    +--------------------------------------------------+--------------------------------------+---------+----+-------+-------+-----+
    |                     Instance                     |                Module                | BRAM_18K| DSP|   FF  |  LUT  | URAM|
    +--------------------------------------------------+--------------------------------------+---------+----+-------+-------+-----+
    |grp_hdv_engine_Pipeline_VITIS_LOOP_286_1_fu_948   |hdv_engine_Pipeline_VITIS_LOOP_286_1  |        0|   0|      2|     22|    0|
    |grp_hdv_engine_Pipeline_VITIS_LOOP_294_2_fu_966   |hdv_engine_Pipeline_VITIS_LOOP_294_2  |        0|   0|      4|     45|    0|
    |grp_hdv_engine_Pipeline_VITIS_LOOP_511_4_fu_988   |hdv_engine_Pipeline_VITIS_LOOP_511_4  |        0|   0|     68|   3970|    0|
    |grp_hdv_engine_Pipeline_VITIS_LOOP_916_7_fu_1377  |hdv_engine_Pipeline_VITIS_LOOP_916_7  |        0|   3|  10043|  10102|    0|
    |grp_hdv_engine_Pipeline_VITIS_LOOP_929_8_fu_1396  |hdv_engine_Pipeline_VITIS_LOOP_929_8  |        0|   0|     69|    143|    0|
    |mul_11s_11s_22_1_1_U238                           |mul_11s_11s_22_1_1                    |        0|   1|      0|      5|    0|
    |mul_11s_11s_22_1_1_U241                           |mul_11s_11s_22_1_1                    |        0|   1|      0|      5|    0|
    |mul_11s_11s_22_1_1_U244                           |mul_11s_11s_22_1_1                    |        0|   1|      0|      5|    0|
    |mul_11s_11s_22_1_1_U247                           |mul_11s_11s_22_1_1                    |        0|   1|      0|      5|    0|
    |mul_11s_11s_22_1_1_U250                           |mul_11s_11s_22_1_1                    |        0|   1|      0|      5|    0|
    |mul_11s_11s_22_1_1_U253                           |mul_11s_11s_22_1_1                    |        0|   1|      0|      5|    0|
    |mul_11s_11s_22_1_1_U256                           |mul_11s_11s_22_1_1                    |        0|   1|      0|      5|    0|
    |mul_11s_11s_22_1_1_U259                           |mul_11s_11s_22_1_1                    |        0|   1|      0|      5|    0|
    |mul_11s_11s_22_1_1_U262                           |mul_11s_11s_22_1_1                    |        0|   1|      0|      5|    0|
    |mul_11s_11s_22_1_1_U265                           |mul_11s_11s_22_1_1                    |        0|   1|      0|      5|    0|
    |mul_11s_11s_22_1_1_U268                           |mul_11s_11s_22_1_1                    |        0|   1|      0|      5|    0|
    |mul_11s_11s_22_1_1_U271                           |mul_11s_11s_22_1_1                    |        0|   1|      0|      5|    0|
    |mul_11s_11s_22_1_1_U274                           |mul_11s_11s_22_1_1                    |        0|   1|      0|      5|    0|
    |mul_11s_11s_22_1_1_U277                           |mul_11s_11s_22_1_1                    |        0|   1|      0|      5|    0|
    |mul_11s_11s_22_1_1_U280                           |mul_11s_11s_22_1_1                    |        0|   1|      0|      5|    0|
    |mul_11s_11s_22_1_1_U284                           |mul_11s_11s_22_1_1                    |        0|   1|      0|      5|    0|
    |mul_11s_11s_22_1_1_U286                           |mul_11s_11s_22_1_1                    |        0|   1|      0|      5|    0|
    |mul_11s_11s_22_1_1_U289                           |mul_11s_11s_22_1_1                    |        0|   1|      0|      5|    0|
    |mul_11s_11s_22_1_1_U292                           |mul_11s_11s_22_1_1                    |        0|   1|      0|      5|    0|
    |mul_11s_11s_22_1_1_U295                           |mul_11s_11s_22_1_1                    |        0|   1|      0|      5|    0|
    |mul_11s_11s_22_1_1_U298                           |mul_11s_11s_22_1_1                    |        0|   1|      0|      5|    0|
    |mul_11s_11s_22_1_1_U301                           |mul_11s_11s_22_1_1                    |        0|   1|      0|      5|    0|
    |mul_11s_11s_22_1_1_U304                           |mul_11s_11s_22_1_1                    |        0|   1|      0|      5|    0|
    |mul_11s_11s_22_1_1_U307                           |mul_11s_11s_22_1_1                    |        0|   1|      0|      5|    0|
    |mul_11s_11s_22_1_1_U310                           |mul_11s_11s_22_1_1                    |        0|   1|      0|      5|    0|
    |mul_11s_11s_22_1_1_U313                           |mul_11s_11s_22_1_1                    |        0|   1|      0|      5|    0|
    |mul_11s_11s_22_1_1_U316                           |mul_11s_11s_22_1_1                    |        0|   1|      0|      5|    0|
    |mul_11s_11s_22_1_1_U319                           |mul_11s_11s_22_1_1                    |        0|   1|      0|      5|    0|
    |mul_11s_11s_22_1_1_U322                           |mul_11s_11s_22_1_1                    |        0|   1|      0|      5|    0|
    |mul_11s_11s_22_1_1_U325                           |mul_11s_11s_22_1_1                    |        0|   1|      0|      5|    0|
    |mul_11s_11s_22_1_1_U327                           |mul_11s_11s_22_1_1                    |        0|   1|      0|      5|    0|
    |mul_11s_11s_22_1_1_U332                           |mul_11s_11s_22_1_1                    |        0|   1|      0|      5|    0|
    |mul_2s_11s_13_1_1_U237                            |mul_2s_11s_13_1_1                     |        0|   0|      0|      5|    0|
    |mul_2s_11s_13_1_1_U240                            |mul_2s_11s_13_1_1                     |        0|   0|      0|      5|    0|
    |mul_2s_11s_13_1_1_U243                            |mul_2s_11s_13_1_1                     |        0|   0|      0|      5|    0|
    |mul_2s_11s_13_1_1_U246                            |mul_2s_11s_13_1_1                     |        0|   0|      0|      5|    0|
    |mul_2s_11s_13_1_1_U249                            |mul_2s_11s_13_1_1                     |        0|   0|      0|      5|    0|
    |mul_2s_11s_13_1_1_U252                            |mul_2s_11s_13_1_1                     |        0|   0|      0|      5|    0|
    |mul_2s_11s_13_1_1_U255                            |mul_2s_11s_13_1_1                     |        0|   0|      0|      5|    0|
    |mul_2s_11s_13_1_1_U258                            |mul_2s_11s_13_1_1                     |        0|   0|      0|      5|    0|
    |mul_2s_11s_13_1_1_U261                            |mul_2s_11s_13_1_1                     |        0|   0|      0|      5|    0|
    |mul_2s_11s_13_1_1_U264                            |mul_2s_11s_13_1_1                     |        0|   0|      0|      5|    0|
    |mul_2s_11s_13_1_1_U267                            |mul_2s_11s_13_1_1                     |        0|   0|      0|      5|    0|
    |mul_2s_11s_13_1_1_U270                            |mul_2s_11s_13_1_1                     |        0|   0|      0|      5|    0|
    |mul_2s_11s_13_1_1_U273                            |mul_2s_11s_13_1_1                     |        0|   0|      0|      5|    0|
    |mul_2s_11s_13_1_1_U276                            |mul_2s_11s_13_1_1                     |        0|   0|      0|      5|    0|
    |mul_2s_11s_13_1_1_U279                            |mul_2s_11s_13_1_1                     |        0|   0|      0|      5|    0|
    |mul_2s_11s_13_1_1_U282                            |mul_2s_11s_13_1_1                     |        0|   0|      0|      5|    0|
    |mul_2s_11s_13_1_1_U285                            |mul_2s_11s_13_1_1                     |        0|   0|      0|      5|    0|
    |mul_2s_11s_13_1_1_U288                            |mul_2s_11s_13_1_1                     |        0|   0|      0|      5|    0|
    |mul_2s_11s_13_1_1_U291                            |mul_2s_11s_13_1_1                     |        0|   0|      0|      5|    0|
    |mul_2s_11s_13_1_1_U294                            |mul_2s_11s_13_1_1                     |        0|   0|      0|      5|    0|
    |mul_2s_11s_13_1_1_U297                            |mul_2s_11s_13_1_1                     |        0|   0|      0|      5|    0|
    |mul_2s_11s_13_1_1_U300                            |mul_2s_11s_13_1_1                     |        0|   0|      0|      5|    0|
    |mul_2s_11s_13_1_1_U303                            |mul_2s_11s_13_1_1                     |        0|   0|      0|      5|    0|
    |mul_2s_11s_13_1_1_U306                            |mul_2s_11s_13_1_1                     |        0|   0|      0|      5|    0|
    |mul_2s_11s_13_1_1_U309                            |mul_2s_11s_13_1_1                     |        0|   0|      0|      5|    0|
    |mul_2s_11s_13_1_1_U312                            |mul_2s_11s_13_1_1                     |        0|   0|      0|      5|    0|
    |mul_2s_11s_13_1_1_U315                            |mul_2s_11s_13_1_1                     |        0|   0|      0|      5|    0|
    |mul_2s_11s_13_1_1_U318                            |mul_2s_11s_13_1_1                     |        0|   0|      0|      5|    0|
    |mul_2s_11s_13_1_1_U321                            |mul_2s_11s_13_1_1                     |        0|   0|      0|      5|    0|
    |mul_2s_11s_13_1_1_U324                            |mul_2s_11s_13_1_1                     |        0|   0|      0|      5|    0|
    |mul_2s_11s_13_1_1_U328                            |mul_2s_11s_13_1_1                     |        0|   0|      0|      5|    0|
    |mul_2s_11s_13_1_1_U330                            |mul_2s_11s_13_1_1                     |        0|   0|      0|      5|    0|
    |mul_2s_2s_4_1_1_U239                              |mul_2s_2s_4_1_1                       |        0|   0|      0|      7|    0|
    |mul_2s_2s_4_1_1_U242                              |mul_2s_2s_4_1_1                       |        0|   0|      0|      7|    0|
    |mul_2s_2s_4_1_1_U245                              |mul_2s_2s_4_1_1                       |        0|   0|      0|      7|    0|
    |mul_2s_2s_4_1_1_U248                              |mul_2s_2s_4_1_1                       |        0|   0|      0|      7|    0|
    |mul_2s_2s_4_1_1_U251                              |mul_2s_2s_4_1_1                       |        0|   0|      0|      7|    0|
    |mul_2s_2s_4_1_1_U254                              |mul_2s_2s_4_1_1                       |        0|   0|      0|      7|    0|
    |mul_2s_2s_4_1_1_U257                              |mul_2s_2s_4_1_1                       |        0|   0|      0|      7|    0|
    |mul_2s_2s_4_1_1_U260                              |mul_2s_2s_4_1_1                       |        0|   0|      0|      7|    0|
    |mul_2s_2s_4_1_1_U263                              |mul_2s_2s_4_1_1                       |        0|   0|      0|      7|    0|
    |mul_2s_2s_4_1_1_U266                              |mul_2s_2s_4_1_1                       |        0|   0|      0|      7|    0|
    |mul_2s_2s_4_1_1_U269                              |mul_2s_2s_4_1_1                       |        0|   0|      0|      7|    0|
    |mul_2s_2s_4_1_1_U272                              |mul_2s_2s_4_1_1                       |        0|   0|      0|      7|    0|
    |mul_2s_2s_4_1_1_U275                              |mul_2s_2s_4_1_1                       |        0|   0|      0|      7|    0|
    |mul_2s_2s_4_1_1_U278                              |mul_2s_2s_4_1_1                       |        0|   0|      0|      7|    0|
    |mul_2s_2s_4_1_1_U281                              |mul_2s_2s_4_1_1                       |        0|   0|      0|      7|    0|
    |mul_2s_2s_4_1_1_U283                              |mul_2s_2s_4_1_1                       |        0|   0|      0|      7|    0|
    |mul_2s_2s_4_1_1_U287                              |mul_2s_2s_4_1_1                       |        0|   0|      0|      7|    0|
    |mul_2s_2s_4_1_1_U290                              |mul_2s_2s_4_1_1                       |        0|   0|      0|      7|    0|
    |mul_2s_2s_4_1_1_U293                              |mul_2s_2s_4_1_1                       |        0|   0|      0|      7|    0|
    |mul_2s_2s_4_1_1_U296                              |mul_2s_2s_4_1_1                       |        0|   0|      0|      7|    0|
    |mul_2s_2s_4_1_1_U299                              |mul_2s_2s_4_1_1                       |        0|   0|      0|      7|    0|
    |mul_2s_2s_4_1_1_U302                              |mul_2s_2s_4_1_1                       |        0|   0|      0|      7|    0|
    |mul_2s_2s_4_1_1_U305                              |mul_2s_2s_4_1_1                       |        0|   0|      0|      7|    0|
    |mul_2s_2s_4_1_1_U308                              |mul_2s_2s_4_1_1                       |        0|   0|      0|      7|    0|
    |mul_2s_2s_4_1_1_U311                              |mul_2s_2s_4_1_1                       |        0|   0|      0|      7|    0|
    |mul_2s_2s_4_1_1_U314                              |mul_2s_2s_4_1_1                       |        0|   0|      0|      7|    0|
    |mul_2s_2s_4_1_1_U317                              |mul_2s_2s_4_1_1                       |        0|   0|      0|      7|    0|
    |mul_2s_2s_4_1_1_U320                              |mul_2s_2s_4_1_1                       |        0|   0|      0|      7|    0|
    |mul_2s_2s_4_1_1_U323                              |mul_2s_2s_4_1_1                       |        0|   0|      0|      7|    0|
    |mul_2s_2s_4_1_1_U326                              |mul_2s_2s_4_1_1                       |        0|   0|      0|      7|    0|
    |mul_2s_2s_4_1_1_U329                              |mul_2s_2s_4_1_1                       |        0|   0|      0|      7|    0|
    |mul_2s_2s_4_1_1_U331                              |mul_2s_2s_4_1_1                       |        0|   0|      0|      7|    0|
    |mux_3_2_32_1_1_U333                               |mux_3_2_32_1_1                        |        0|   0|      0|     14|    0|
    |mux_3_2_32_1_1_U334                               |mux_3_2_32_1_1                        |        0|   0|      0|     14|    0|
    |mux_3_2_32_1_1_U335                               |mux_3_2_32_1_1                        |        0|   0|      0|     14|    0|
    +--------------------------------------------------+--------------------------------------+---------+----+-------+-------+-----+
    |Total                                             |                                      |        0|  35|  10186|  14868|    0|
    +--------------------------------------------------+--------------------------------------+---------+----+-------+-------+-----+

    * DSP: 
    +------------------------------------+-------------------------------+--------------+
    |              Instance              |             Module            |  Expression  |
    +------------------------------------+-------------------------------+--------------+
    |mac_muladd_11s_11s_22s_23_4_1_U337  |mac_muladd_11s_11s_22s_23_4_1  |  i0 + i1 * i1|
    |mac_muladd_11s_11s_22s_23_4_1_U340  |mac_muladd_11s_11s_22s_23_4_1  |  i0 + i1 * i1|
    |mac_muladd_11s_11s_22s_23_4_1_U343  |mac_muladd_11s_11s_22s_23_4_1  |  i0 + i1 * i1|
    |mac_muladd_11s_11s_22s_23_4_1_U346  |mac_muladd_11s_11s_22s_23_4_1  |  i0 + i1 * i1|
    |mac_muladd_11s_11s_22s_23_4_1_U349  |mac_muladd_11s_11s_22s_23_4_1  |  i0 + i1 * i1|
    |mac_muladd_11s_11s_22s_23_4_1_U352  |mac_muladd_11s_11s_22s_23_4_1  |  i0 + i1 * i1|
    |mac_muladd_11s_11s_22s_23_4_1_U355  |mac_muladd_11s_11s_22s_23_4_1  |  i0 + i1 * i1|
    |mac_muladd_11s_11s_22s_23_4_1_U358  |mac_muladd_11s_11s_22s_23_4_1  |  i0 + i1 * i1|
    |mac_muladd_11s_11s_22s_23_4_1_U361  |mac_muladd_11s_11s_22s_23_4_1  |  i0 + i1 * i1|
    |mac_muladd_11s_11s_22s_23_4_1_U364  |mac_muladd_11s_11s_22s_23_4_1  |  i0 + i1 * i1|
    |mac_muladd_11s_11s_22s_23_4_1_U367  |mac_muladd_11s_11s_22s_23_4_1  |  i0 + i1 * i1|
    |mac_muladd_11s_11s_22s_23_4_1_U370  |mac_muladd_11s_11s_22s_23_4_1  |  i0 + i1 * i1|
    |mac_muladd_11s_11s_22s_23_4_1_U373  |mac_muladd_11s_11s_22s_23_4_1  |  i0 + i1 * i1|
    |mac_muladd_11s_11s_22s_23_4_1_U376  |mac_muladd_11s_11s_22s_23_4_1  |  i0 + i1 * i1|
    |mac_muladd_11s_11s_22s_23_4_1_U378  |mac_muladd_11s_11s_22s_23_4_1  |  i0 + i1 * i1|
    |mac_muladd_11s_11s_22s_23_4_1_U382  |mac_muladd_11s_11s_22s_23_4_1  |  i0 + i1 * i1|
    |mac_muladd_11s_11s_22s_23_4_1_U385  |mac_muladd_11s_11s_22s_23_4_1  |  i0 + i1 * i1|
    |mac_muladd_11s_11s_22s_23_4_1_U388  |mac_muladd_11s_11s_22s_23_4_1  |  i0 + i1 * i1|
    |mac_muladd_11s_11s_22s_23_4_1_U391  |mac_muladd_11s_11s_22s_23_4_1  |  i0 + i1 * i1|
    |mac_muladd_11s_11s_22s_23_4_1_U394  |mac_muladd_11s_11s_22s_23_4_1  |  i0 + i1 * i1|
    |mac_muladd_11s_11s_22s_23_4_1_U397  |mac_muladd_11s_11s_22s_23_4_1  |  i0 + i1 * i1|
    |mac_muladd_11s_11s_22s_23_4_1_U400  |mac_muladd_11s_11s_22s_23_4_1  |  i0 + i1 * i1|
    |mac_muladd_11s_11s_22s_23_4_1_U403  |mac_muladd_11s_11s_22s_23_4_1  |  i0 + i1 * i1|
    |mac_muladd_11s_11s_22s_23_4_1_U406  |mac_muladd_11s_11s_22s_23_4_1  |  i0 + i1 * i1|
    |mac_muladd_11s_11s_22s_23_4_1_U409  |mac_muladd_11s_11s_22s_23_4_1  |  i0 + i1 * i1|
    |mac_muladd_11s_11s_22s_23_4_1_U412  |mac_muladd_11s_11s_22s_23_4_1  |  i0 + i1 * i1|
    |mac_muladd_11s_11s_22s_23_4_1_U415  |mac_muladd_11s_11s_22s_23_4_1  |  i0 + i1 * i1|
    |mac_muladd_11s_11s_22s_23_4_1_U418  |mac_muladd_11s_11s_22s_23_4_1  |  i0 + i1 * i1|
    |mac_muladd_11s_11s_22s_23_4_1_U421  |mac_muladd_11s_11s_22s_23_4_1  |  i0 + i1 * i1|
    |mac_muladd_11s_11s_22s_23_4_1_U425  |mac_muladd_11s_11s_22s_23_4_1  |  i0 + i1 * i1|
    |mac_muladd_11s_11s_22s_23_4_1_U426  |mac_muladd_11s_11s_22s_23_4_1  |  i0 + i1 * i1|
    |mac_muladd_11s_11s_22s_23_4_1_U430  |mac_muladd_11s_11s_22s_23_4_1  |  i0 + i1 * i1|
    |mac_muladd_2s_11s_13s_14_4_1_U336   |mac_muladd_2s_11s_13s_14_4_1   |  i0 + i1 * i2|
    |mac_muladd_2s_11s_13s_14_4_1_U339   |mac_muladd_2s_11s_13s_14_4_1   |  i0 + i1 * i2|
    |mac_muladd_2s_11s_13s_14_4_1_U342   |mac_muladd_2s_11s_13s_14_4_1   |  i0 + i1 * i2|
    |mac_muladd_2s_11s_13s_14_4_1_U345   |mac_muladd_2s_11s_13s_14_4_1   |  i0 + i1 * i2|
    |mac_muladd_2s_11s_13s_14_4_1_U348   |mac_muladd_2s_11s_13s_14_4_1   |  i0 + i1 * i2|
    |mac_muladd_2s_11s_13s_14_4_1_U351   |mac_muladd_2s_11s_13s_14_4_1   |  i0 + i1 * i2|
    |mac_muladd_2s_11s_13s_14_4_1_U354   |mac_muladd_2s_11s_13s_14_4_1   |  i0 + i1 * i2|
    |mac_muladd_2s_11s_13s_14_4_1_U357   |mac_muladd_2s_11s_13s_14_4_1   |  i0 + i1 * i2|
    |mac_muladd_2s_11s_13s_14_4_1_U360   |mac_muladd_2s_11s_13s_14_4_1   |  i0 + i1 * i2|
    |mac_muladd_2s_11s_13s_14_4_1_U363   |mac_muladd_2s_11s_13s_14_4_1   |  i0 + i1 * i2|
    |mac_muladd_2s_11s_13s_14_4_1_U366   |mac_muladd_2s_11s_13s_14_4_1   |  i0 + i1 * i2|
    |mac_muladd_2s_11s_13s_14_4_1_U369   |mac_muladd_2s_11s_13s_14_4_1   |  i0 + i1 * i2|
    |mac_muladd_2s_11s_13s_14_4_1_U372   |mac_muladd_2s_11s_13s_14_4_1   |  i0 + i1 * i2|
    |mac_muladd_2s_11s_13s_14_4_1_U375   |mac_muladd_2s_11s_13s_14_4_1   |  i0 + i1 * i2|
    |mac_muladd_2s_11s_13s_14_4_1_U379   |mac_muladd_2s_11s_13s_14_4_1   |  i0 + i1 * i2|
    |mac_muladd_2s_11s_13s_14_4_1_U381   |mac_muladd_2s_11s_13s_14_4_1   |  i0 + i1 * i2|
    |mac_muladd_2s_11s_13s_14_4_1_U384   |mac_muladd_2s_11s_13s_14_4_1   |  i0 + i1 * i2|
    |mac_muladd_2s_11s_13s_14_4_1_U387   |mac_muladd_2s_11s_13s_14_4_1   |  i0 + i1 * i2|
    |mac_muladd_2s_11s_13s_14_4_1_U390   |mac_muladd_2s_11s_13s_14_4_1   |  i0 + i1 * i2|
    |mac_muladd_2s_11s_13s_14_4_1_U393   |mac_muladd_2s_11s_13s_14_4_1   |  i0 + i1 * i2|
    |mac_muladd_2s_11s_13s_14_4_1_U396   |mac_muladd_2s_11s_13s_14_4_1   |  i0 + i1 * i2|
    |mac_muladd_2s_11s_13s_14_4_1_U399   |mac_muladd_2s_11s_13s_14_4_1   |  i0 + i1 * i2|
    |mac_muladd_2s_11s_13s_14_4_1_U402   |mac_muladd_2s_11s_13s_14_4_1   |  i0 + i1 * i2|
    |mac_muladd_2s_11s_13s_14_4_1_U405   |mac_muladd_2s_11s_13s_14_4_1   |  i0 + i1 * i2|
    |mac_muladd_2s_11s_13s_14_4_1_U408   |mac_muladd_2s_11s_13s_14_4_1   |  i0 + i1 * i2|
    |mac_muladd_2s_11s_13s_14_4_1_U411   |mac_muladd_2s_11s_13s_14_4_1   |  i0 + i1 * i2|
    |mac_muladd_2s_11s_13s_14_4_1_U414   |mac_muladd_2s_11s_13s_14_4_1   |  i0 + i1 * i2|
    |mac_muladd_2s_11s_13s_14_4_1_U417   |mac_muladd_2s_11s_13s_14_4_1   |  i0 + i1 * i2|
    |mac_muladd_2s_11s_13s_14_4_1_U420   |mac_muladd_2s_11s_13s_14_4_1   |  i0 + i1 * i2|
    |mac_muladd_2s_11s_13s_14_4_1_U423   |mac_muladd_2s_11s_13s_14_4_1   |  i0 + i1 * i2|
    |mac_muladd_2s_11s_13s_14_4_1_U427   |mac_muladd_2s_11s_13s_14_4_1   |  i0 + i1 * i2|
    |mac_muladd_2s_11s_13s_14_4_1_U429   |mac_muladd_2s_11s_13s_14_4_1   |  i0 + i1 * i2|
    |mac_muladd_2s_2s_4s_5_4_1_U338      |mac_muladd_2s_2s_4s_5_4_1      |  i0 + i1 * i1|
    |mac_muladd_2s_2s_4s_5_4_1_U341      |mac_muladd_2s_2s_4s_5_4_1      |  i0 + i1 * i1|
    |mac_muladd_2s_2s_4s_5_4_1_U344      |mac_muladd_2s_2s_4s_5_4_1      |  i0 + i1 * i1|
    |mac_muladd_2s_2s_4s_5_4_1_U347      |mac_muladd_2s_2s_4s_5_4_1      |  i0 + i1 * i1|
    |mac_muladd_2s_2s_4s_5_4_1_U350      |mac_muladd_2s_2s_4s_5_4_1      |  i0 + i1 * i1|
    |mac_muladd_2s_2s_4s_5_4_1_U353      |mac_muladd_2s_2s_4s_5_4_1      |  i0 + i1 * i1|
    |mac_muladd_2s_2s_4s_5_4_1_U356      |mac_muladd_2s_2s_4s_5_4_1      |  i0 + i1 * i1|
    |mac_muladd_2s_2s_4s_5_4_1_U359      |mac_muladd_2s_2s_4s_5_4_1      |  i0 + i1 * i1|
    |mac_muladd_2s_2s_4s_5_4_1_U362      |mac_muladd_2s_2s_4s_5_4_1      |  i0 + i1 * i1|
    |mac_muladd_2s_2s_4s_5_4_1_U365      |mac_muladd_2s_2s_4s_5_4_1      |  i0 + i1 * i1|
    |mac_muladd_2s_2s_4s_5_4_1_U368      |mac_muladd_2s_2s_4s_5_4_1      |  i0 + i1 * i1|
    |mac_muladd_2s_2s_4s_5_4_1_U371      |mac_muladd_2s_2s_4s_5_4_1      |  i0 + i1 * i1|
    |mac_muladd_2s_2s_4s_5_4_1_U374      |mac_muladd_2s_2s_4s_5_4_1      |  i0 + i1 * i1|
    |mac_muladd_2s_2s_4s_5_4_1_U377      |mac_muladd_2s_2s_4s_5_4_1      |  i0 + i1 * i1|
    |mac_muladd_2s_2s_4s_5_4_1_U380      |mac_muladd_2s_2s_4s_5_4_1      |  i0 + i1 * i1|
    |mac_muladd_2s_2s_4s_5_4_1_U383      |mac_muladd_2s_2s_4s_5_4_1      |  i0 + i1 * i1|
    |mac_muladd_2s_2s_4s_5_4_1_U386      |mac_muladd_2s_2s_4s_5_4_1      |  i0 + i1 * i1|
    |mac_muladd_2s_2s_4s_5_4_1_U389      |mac_muladd_2s_2s_4s_5_4_1      |  i0 + i1 * i1|
    |mac_muladd_2s_2s_4s_5_4_1_U392      |mac_muladd_2s_2s_4s_5_4_1      |  i0 + i1 * i1|
    |mac_muladd_2s_2s_4s_5_4_1_U395      |mac_muladd_2s_2s_4s_5_4_1      |  i0 + i1 * i1|
    |mac_muladd_2s_2s_4s_5_4_1_U398      |mac_muladd_2s_2s_4s_5_4_1      |  i0 + i1 * i1|
    |mac_muladd_2s_2s_4s_5_4_1_U401      |mac_muladd_2s_2s_4s_5_4_1      |  i0 + i1 * i1|
    |mac_muladd_2s_2s_4s_5_4_1_U404      |mac_muladd_2s_2s_4s_5_4_1      |  i0 + i1 * i1|
    |mac_muladd_2s_2s_4s_5_4_1_U407      |mac_muladd_2s_2s_4s_5_4_1      |  i0 + i1 * i1|
    |mac_muladd_2s_2s_4s_5_4_1_U410      |mac_muladd_2s_2s_4s_5_4_1      |  i0 + i1 * i1|
    |mac_muladd_2s_2s_4s_5_4_1_U413      |mac_muladd_2s_2s_4s_5_4_1      |  i0 + i1 * i1|
    |mac_muladd_2s_2s_4s_5_4_1_U416      |mac_muladd_2s_2s_4s_5_4_1      |  i0 + i1 * i1|
    |mac_muladd_2s_2s_4s_5_4_1_U419      |mac_muladd_2s_2s_4s_5_4_1      |  i0 + i1 * i1|
    |mac_muladd_2s_2s_4s_5_4_1_U422      |mac_muladd_2s_2s_4s_5_4_1      |  i0 + i1 * i1|
    |mac_muladd_2s_2s_4s_5_4_1_U424      |mac_muladd_2s_2s_4s_5_4_1      |  i0 + i1 * i1|
    |mac_muladd_2s_2s_4s_5_4_1_U428      |mac_muladd_2s_2s_4s_5_4_1      |  i0 + i1 * i1|
    |mac_muladd_2s_2s_4s_5_4_1_U431      |mac_muladd_2s_2s_4s_5_4_1      |  i0 + i1 * i1|
    +------------------------------------+-------------------------------+--------------+

    * Memory: 
    N/A

    * FIFO: 
    N/A

    * Expression: 
    +----------------------------------+----------+----+---+----+------------+------------+
    |           Variable Name          | Operation| DSP| FF| LUT| Bitwidth P0| Bitwidth P1|
    +----------------------------------+----------+----+---+----+------------+------------+
    |add_ln239_12_fu_5518_p2           |         +|   0|  0|  22|          15|          15|
    |add_ln239_13_fu_5528_p2           |         +|   0|  0|  23|          16|          16|
    |add_ln239_14_fu_5538_p2           |         +|   0|  0|  24|          17|          17|
    |add_ln239_17_fu_5550_p2           |         +|   0|  0|  22|          15|          15|
    |add_ln239_20_fu_5566_p2           |         +|   0|  0|  22|          15|          15|
    |add_ln239_21_fu_5576_p2           |         +|   0|  0|  23|          16|          16|
    |add_ln239_24_fu_5592_p2           |         +|   0|  0|  22|          15|          15|
    |add_ln239_27_fu_5608_p2           |         +|   0|  0|  22|          15|          15|
    |add_ln239_28_fu_5618_p2           |         +|   0|  0|  23|          16|          16|
    |add_ln239_29_fu_5628_p2           |         +|   0|  0|  24|          17|          17|
    |add_ln239_2_fu_5460_p2            |         +|   0|  0|  22|          15|          15|
    |add_ln239_30_fu_6540_p2           |         +|   0|  0|  25|          18|          18|
    |add_ln239_33_fu_5640_p2           |         +|   0|  0|  22|          15|          15|
    |add_ln239_36_fu_5656_p2           |         +|   0|  0|  22|          15|          15|
    |add_ln239_37_fu_5666_p2           |         +|   0|  0|  23|          16|          16|
    |add_ln239_40_fu_5682_p2           |         +|   0|  0|  22|          15|          15|
    |add_ln239_43_fu_5698_p2           |         +|   0|  0|  22|          15|          15|
    |add_ln239_44_fu_5708_p2           |         +|   0|  0|  23|          16|          16|
    |add_ln239_45_fu_5718_p2           |         +|   0|  0|  24|          17|          17|
    |add_ln239_48_fu_5730_p2           |         +|   0|  0|  22|          15|          15|
    |add_ln239_51_fu_5746_p2           |         +|   0|  0|  22|          15|          15|
    |add_ln239_52_fu_5756_p2           |         +|   0|  0|  23|          16|          16|
    |add_ln239_55_fu_5772_p2           |         +|   0|  0|  22|          15|          15|
    |add_ln239_58_fu_5788_p2           |         +|   0|  0|  22|          15|          15|
    |add_ln239_59_fu_5798_p2           |         +|   0|  0|  23|          16|          16|
    |add_ln239_5_fu_5476_p2            |         +|   0|  0|  22|          15|          15|
    |add_ln239_60_fu_5808_p2           |         +|   0|  0|  24|          17|          17|
    |add_ln239_61_fu_6556_p2           |         +|   0|  0|  25|          18|          18|
    |add_ln239_6_fu_5486_p2            |         +|   0|  0|  23|          16|          16|
    |add_ln239_9_fu_5502_p2            |         +|   0|  0|  22|          15|          15|
    |add_ln242_12_fu_5878_p2           |         +|   0|  0|  31|          24|          24|
    |add_ln242_13_fu_5888_p2           |         +|   0|  0|  32|          25|          25|
    |add_ln242_14_fu_5898_p2           |         +|   0|  0|  33|          26|          26|
    |add_ln242_17_fu_5910_p2           |         +|   0|  0|  31|          24|          24|
    |add_ln242_20_fu_5926_p2           |         +|   0|  0|  31|          24|          24|
    |add_ln242_21_fu_5936_p2           |         +|   0|  0|  32|          25|          25|
    |add_ln242_24_fu_5952_p2           |         +|   0|  0|  31|          24|          24|
    |add_ln242_27_fu_5968_p2           |         +|   0|  0|  31|          24|          24|
    |add_ln242_28_fu_5978_p2           |         +|   0|  0|  32|          25|          25|
    |add_ln242_29_fu_5988_p2           |         +|   0|  0|  33|          26|          26|
    |add_ln242_2_fu_5820_p2            |         +|   0|  0|  31|          24|          24|
    |add_ln242_30_fu_6582_p2           |         +|   0|  0|  34|          27|          27|
    |add_ln242_33_fu_6000_p2           |         +|   0|  0|  31|          24|          24|
    |add_ln242_36_fu_6016_p2           |         +|   0|  0|  31|          24|          24|
    |add_ln242_37_fu_6026_p2           |         +|   0|  0|  32|          25|          25|
    |add_ln242_40_fu_6042_p2           |         +|   0|  0|  31|          24|          24|
    |add_ln242_43_fu_6058_p2           |         +|   0|  0|  31|          24|          24|
    |add_ln242_44_fu_6068_p2           |         +|   0|  0|  32|          25|          25|
    |add_ln242_45_fu_6078_p2           |         +|   0|  0|  33|          26|          26|
    |add_ln242_48_fu_6090_p2           |         +|   0|  0|  31|          24|          24|
    |add_ln242_51_fu_6106_p2           |         +|   0|  0|  31|          24|          24|
    |add_ln242_52_fu_6116_p2           |         +|   0|  0|  32|          25|          25|
    |add_ln242_55_fu_6132_p2           |         +|   0|  0|  31|          24|          24|
    |add_ln242_58_fu_6148_p2           |         +|   0|  0|  31|          24|          24|
    |add_ln242_59_fu_6158_p2           |         +|   0|  0|  32|          25|          25|
    |add_ln242_5_fu_5836_p2            |         +|   0|  0|  31|          24|          24|
    |add_ln242_60_fu_6168_p2           |         +|   0|  0|  33|          26|          26|
    |add_ln242_61_fu_6598_p2           |         +|   0|  0|  34|          27|          27|
    |add_ln242_6_fu_5846_p2            |         +|   0|  0|  32|          25|          25|
    |add_ln242_9_fu_5862_p2            |         +|   0|  0|  31|          24|          24|
    |add_ln243_12_fu_6238_p2           |         +|   0|  0|  13|           6|           6|
    |add_ln243_13_fu_6248_p2           |         +|   0|  0|  14|           7|           7|
    |add_ln243_14_fu_6258_p2           |         +|   0|  0|  15|           8|           8|
    |add_ln243_17_fu_6270_p2           |         +|   0|  0|  13|           6|           6|
    |add_ln243_20_fu_6286_p2           |         +|   0|  0|  13|           6|           6|
    |add_ln243_21_fu_6296_p2           |         +|   0|  0|  14|           7|           7|
    |add_ln243_24_fu_6312_p2           |         +|   0|  0|  13|           6|           6|
    |add_ln243_27_fu_6328_p2           |         +|   0|  0|  13|           6|           6|
    |add_ln243_28_fu_6338_p2           |         +|   0|  0|  14|           7|           7|
    |add_ln243_29_fu_6348_p2           |         +|   0|  0|  15|           8|           8|
    |add_ln243_2_fu_6180_p2            |         +|   0|  0|  13|           6|           6|
    |add_ln243_30_fu_6624_p2           |         +|   0|  0|  16|           9|           9|
    |add_ln243_33_fu_6360_p2           |         +|   0|  0|  13|           6|           6|
    |add_ln243_36_fu_6376_p2           |         +|   0|  0|  13|           6|           6|
    |add_ln243_37_fu_6386_p2           |         +|   0|  0|  14|           7|           7|
    |add_ln243_40_fu_6402_p2           |         +|   0|  0|  13|           6|           6|
    |add_ln243_43_fu_6418_p2           |         +|   0|  0|  13|           6|           6|
    |add_ln243_44_fu_6428_p2           |         +|   0|  0|  14|           7|           7|
    |add_ln243_45_fu_6438_p2           |         +|   0|  0|  15|           8|           8|
    |add_ln243_48_fu_6450_p2           |         +|   0|  0|  13|           6|           6|
    |add_ln243_51_fu_6466_p2           |         +|   0|  0|  13|           6|           6|
    |add_ln243_52_fu_6476_p2           |         +|   0|  0|  14|           7|           7|
    |add_ln243_55_fu_6492_p2           |         +|   0|  0|  13|           6|           6|
    |add_ln243_58_fu_6508_p2           |         +|   0|  0|  13|           6|           6|
    |add_ln243_59_fu_6518_p2           |         +|   0|  0|  14|           7|           7|
    |add_ln243_5_fu_6196_p2            |         +|   0|  0|  13|           6|           6|
    |add_ln243_60_fu_6528_p2           |         +|   0|  0|  15|           8|           8|
    |add_ln243_61_fu_6640_p2           |         +|   0|  0|  16|           9|           9|
    |add_ln243_6_fu_6206_p2            |         +|   0|  0|  14|           7|           7|
    |add_ln243_9_fu_6222_p2            |         +|   0|  0|  13|           6|           6|
    |add_ln865_fu_6683_p2              |         +|   0|  0|  39|          32|          32|
    |add_ln866_fu_6718_p2              |         +|   0|  0|  39|          32|          32|
    |add_ln867_fu_6753_p2              |         +|   0|  0|  39|          32|          32|
    |denom_a_1_fu_6608_p2              |         +|   0|  0|  35|          28|          28|
    |denom_b_1_fu_6650_p2              |         +|   0|  0|  17|          10|          10|
    |similarity_1_fu_6566_p2           |         +|   0|  0|  26|          19|          19|
    |ap_block_state10_on_subcall_done  |       and|   0|  0|   2|           1|           1|
    |ap_predicate_op1696_call_state10  |       and|   0|  0|   2|           1|           1|
    |cmp_i_i207_fu_3911_p2             |      icmp|   0|  0|  17|          10|           1|
    |cmp_i_i30_not_fu_3259_p2          |      icmp|   0|  0|  17|          10|           3|
    |cmp_i_i63_fu_3253_p2              |      icmp|   0|  0|  17|          10|           1|
    |icmp_ln739_fu_6835_p2             |      icmp|   0|  0|  17|          10|           5|
    |icmp_ln816_fu_3265_p2             |      icmp|   0|  0|  17|          10|           2|
    |icmp_ln900_fu_6813_p2             |      icmp|   0|  0|  17|          10|           2|
    |ap_block_state2_on_subcall_done   |        or|   0|  0|   2|           1|           1|
    |or_ln900_fu_6818_p2               |        or|   0|  0|   2|           1|           1|
    |select_ln592_10_fu_7112_p3        |    select|   0|  0|   2|           1|           2|
    |select_ln592_11_fu_7138_p3        |    select|   0|  0|   2|           1|           2|
    |select_ln592_12_fu_7164_p3        |    select|   0|  0|   2|           1|           2|
    |select_ln592_13_fu_7190_p3        |    select|   0|  0|   2|           1|           2|
    |select_ln592_14_fu_7216_p3        |    select|   0|  0|   2|           1|           2|
    |select_ln592_15_fu_7242_p3        |    select|   0|  0|   2|           1|           2|
    |select_ln592_16_fu_7268_p3        |    select|   0|  0|   2|           1|           2|
    |select_ln592_17_fu_7294_p3        |    select|   0|  0|   2|           1|           2|
    |select_ln592_18_fu_7320_p3        |    select|   0|  0|   2|           1|           2|
    |select_ln592_19_fu_7346_p3        |    select|   0|  0|   2|           1|           2|
    |select_ln592_1_fu_6878_p3         |    select|   0|  0|   2|           1|           2|
    |select_ln592_20_fu_7372_p3        |    select|   0|  0|   2|           1|           2|
    |select_ln592_21_fu_7398_p3        |    select|   0|  0|   2|           1|           2|
    |select_ln592_22_fu_7424_p3        |    select|   0|  0|   2|           1|           2|
    |select_ln592_23_fu_7450_p3        |    select|   0|  0|   2|           1|           2|
    |select_ln592_24_fu_7476_p3        |    select|   0|  0|   2|           1|           2|
    |select_ln592_25_fu_7502_p3        |    select|   0|  0|   2|           1|           2|
    |select_ln592_26_fu_7528_p3        |    select|   0|  0|   2|           1|           2|
    |select_ln592_27_fu_7554_p3        |    select|   0|  0|   2|           1|           2|
    |select_ln592_28_fu_7580_p3        |    select|   0|  0|   2|           1|           2|
    |select_ln592_29_fu_7606_p3        |    select|   0|  0|   2|           1|           2|
    |select_ln592_2_fu_6904_p3         |    select|   0|  0|   2|           1|           2|
    |select_ln592_30_fu_7632_p3        |    select|   0|  0|   2|           1|           2|
    |select_ln592_31_fu_7658_p3        |    select|   0|  0|   2|           1|           2|
    |select_ln592_32_fu_7684_p3        |    select|   0|  0|   2|           1|           2|
    |select_ln592_33_fu_7710_p3        |    select|   0|  0|   2|           1|           2|
    |select_ln592_34_fu_7736_p3        |    select|   0|  0|   2|           1|           2|
    |select_ln592_35_fu_7762_p3        |    select|   0|  0|   2|           1|           2|
    |select_ln592_36_fu_7788_p3        |    select|   0|  0|   2|           1|           2|
    |select_ln592_37_fu_7814_p3        |    select|   0|  0|   2|           1|           2|
    |select_ln592_38_fu_7840_p3        |    select|   0|  0|   2|           1|           2|
    |select_ln592_39_fu_7866_p3        |    select|   0|  0|   2|           1|           2|
    |select_ln592_3_fu_6930_p3         |    select|   0|  0|   2|           1|           2|
    |select_ln592_40_fu_7892_p3        |    select|   0|  0|   2|           1|           2|
    |select_ln592_41_fu_7918_p3        |    select|   0|  0|   2|           1|           2|
    |select_ln592_42_fu_7944_p3        |    select|   0|  0|   2|           1|           2|
    |select_ln592_43_fu_7970_p3        |    select|   0|  0|   2|           1|           2|
    |select_ln592_44_fu_7996_p3        |    select|   0|  0|   2|           1|           2|
    |select_ln592_45_fu_8022_p3        |    select|   0|  0|   2|           1|           2|
    |select_ln592_46_fu_8048_p3        |    select|   0|  0|   2|           1|           2|
    |select_ln592_47_fu_8074_p3        |    select|   0|  0|   2|           1|           2|
    |select_ln592_48_fu_8100_p3        |    select|   0|  0|   2|           1|           2|
    |select_ln592_49_fu_8126_p3        |    select|   0|  0|   2|           1|           2|
    |select_ln592_4_fu_6956_p3         |    select|   0|  0|   2|           1|           2|
    |select_ln592_50_fu_8152_p3        |    select|   0|  0|   2|           1|           2|
    |select_ln592_51_fu_8178_p3        |    select|   0|  0|   2|           1|           2|
    |select_ln592_52_fu_8204_p3        |    select|   0|  0|   2|           1|           2|
    |select_ln592_53_fu_8230_p3        |    select|   0|  0|   2|           1|           2|
    |select_ln592_54_fu_8256_p3        |    select|   0|  0|   2|           1|           2|
    |select_ln592_55_fu_8282_p3        |    select|   0|  0|   2|           1|           2|
    |select_ln592_56_fu_8308_p3        |    select|   0|  0|   2|           1|           2|
    |select_ln592_57_fu_8334_p3        |    select|   0|  0|   2|           1|           2|
    |select_ln592_58_fu_8360_p3        |    select|   0|  0|   2|           1|           2|
    |select_ln592_59_fu_8386_p3        |    select|   0|  0|   2|           1|           2|
    |select_ln592_5_fu_6982_p3         |    select|   0|  0|   2|           1|           2|
    |select_ln592_60_fu_8412_p3        |    select|   0|  0|   2|           1|           2|
    |select_ln592_61_fu_8438_p3        |    select|   0|  0|   2|           1|           2|
    |select_ln592_62_fu_8464_p3        |    select|   0|  0|   2|           1|           2|
    |select_ln592_63_fu_8490_p3        |    select|   0|  0|   2|           1|           2|
    |select_ln592_6_fu_7008_p3         |    select|   0|  0|   2|           1|           2|
    |select_ln592_7_fu_7034_p3         |    select|   0|  0|   2|           1|           2|
    |select_ln592_8_fu_7060_p3         |    select|   0|  0|   2|           1|           2|
    |select_ln592_9_fu_7086_p3         |    select|   0|  0|   2|           1|           2|
    |select_ln592_fu_6852_p3           |    select|   0|  0|   2|           1|           2|
    +----------------------------------+----------+----+---+----+------------+------------+
    |Total                             |          |   0|  0|2479|        1697|        1715|
    +----------------------------------+----------+----+---+----+------------+------------+

    * Multiplexer: 
    +-------------------------------------------------------------------------------+----+-----------+-----+-----------+
    |                                      Name                                     | LUT| Input Size| Bits| Total Bits|
    +-------------------------------------------------------------------------------+----+-----------+-----+-----------+
    |ap_NS_fsm                                                                      |  65|         14|    1|         14|
    |ap_sig_allocacmp_denom_b_classes_0_load_1                                      |   9|          2|   32|         64|
    |ap_sig_allocacmp_denom_b_classes_1_load_1                                      |   9|          2|   32|         64|
    |ap_sig_allocacmp_denom_b_classes_2_load_1                                      |   9|          2|   32|         64|
    |denom_a_classes_0                                                              |  14|          3|   32|         96|
    |denom_a_classes_1                                                              |  14|          3|   32|         96|
    |denom_a_classes_2                                                              |  14|          3|   32|         96|
    |denom_b_classes_0                                                              |   9|          2|   32|         64|
    |denom_b_classes_1                                                              |   9|          2|   32|         64|
    |denom_b_classes_2                                                              |   9|          2|   32|         64|
    |grp_load_fu_1420_p1                                                            |  14|          3|   32|         96|
    |grp_load_fu_1425_p1                                                            |  14|          3|   32|         96|
    |grp_load_fu_1430_p1                                                            |  14|          3|   32|         96|
    |hdv_engine_bool_op_mode_t_frame_in_t_stream_chv_p_t_bhv_p_t_lhv_p_t_pred_cl    |  20|          4|   32|        128|
    |hdv_engine_bool_op_mode_t_frame_in_t_stream_chv_p_t_bhv_p_t_lhv_p_t_pred_cl_1  |  20|          4|   32|        128|
    |hdv_engine_bool_op_mode_t_frame_in_t_stream_chv_p_t_bhv_p_t_lhv_p_t_pred_cl_2  |  20|          4|   32|        128|
    |p_pred_class_o                                                                 |   9|          2|    2|          4|
    |sdata_i_TREADY_int_regslice                                                    |   9|          2|    1|          2|
    |storemerge_reg_939                                                             |   9|          2|   32|         64|
    +-------------------------------------------------------------------------------+----+-----------+-----+-----------+
    |Total                                                                          | 290|         62|  516|       1428|
    +-------------------------------------------------------------------------------+----+-----------+-----+-----------+

    * Register: 
    +---------------------------------------------------------------------------------------+----+----+-----+-----------+
    |                                          Name                                         | FF | LUT| Bits| Const Bits|
    +---------------------------------------------------------------------------------------+----+----+-----+-----------+
    |add_ln239_14_reg_11461                                                                 |  17|   0|   17|          0|
    |add_ln239_29_reg_11466                                                                 |  17|   0|   17|          0|
    |add_ln239_45_reg_11471                                                                 |  17|   0|   17|          0|
    |add_ln239_60_reg_11476                                                                 |  17|   0|   17|          0|
    |add_ln242_14_reg_11481                                                                 |  26|   0|   26|          0|
    |add_ln242_29_reg_11486                                                                 |  26|   0|   26|          0|
    |add_ln242_45_reg_11491                                                                 |  26|   0|   26|          0|
    |add_ln242_60_reg_11496                                                                 |  26|   0|   26|          0|
    |add_ln243_14_reg_11501                                                                 |   8|   0|    8|          0|
    |add_ln243_29_reg_11506                                                                 |   8|   0|    8|          0|
    |add_ln243_45_reg_11511                                                                 |   8|   0|    8|          0|
    |add_ln243_60_reg_11516                                                                 |   8|   0|    8|          0|
    |ap_CS_fsm                                                                              |  13|   0|   13|          0|
    |cmp_i_i207_reg_10976                                                                   |   1|   0|    1|          0|
    |cmp_i_i30_not_reg_10263                                                                |   1|   0|    1|          0|
    |cmp_i_i63_reg_10259                                                                    |   1|   0|    1|          0|
    |denom_a_classes_0                                                                      |  32|   0|   32|          0|
    |denom_a_classes_0_load_1_reg_11550                                                     |  32|   0|   32|          0|
    |denom_a_classes_1                                                                      |  32|   0|   32|          0|
    |denom_a_classes_1_load_1_reg_11555                                                     |  32|   0|   32|          0|
    |denom_a_classes_2                                                                      |  32|   0|   32|          0|
    |denom_a_classes_2_load_1_reg_11560                                                     |  32|   0|   32|          0|
    |denom_b_classes_0                                                                      |  32|   0|   32|          0|
    |denom_b_classes_0_load_1_reg_11535                                                     |  32|   0|   32|          0|
    |denom_b_classes_1                                                                      |  32|   0|   32|          0|
    |denom_b_classes_1_load_1_reg_11540                                                     |  32|   0|   32|          0|
    |denom_b_classes_2                                                                      |  32|   0|   32|          0|
    |denom_b_classes_2_load_1_reg_11545                                                     |  32|   0|   32|          0|
    |frame_in_index_reg_9399                                                                |  10|   0|   10|          0|
    |frame_in_type_reg_9395                                                                 |   2|   0|    2|          0|
    |grp_hdv_engine_Pipeline_VITIS_LOOP_286_1_fu_948_ap_start_reg                           |   1|   0|    1|          0|
    |grp_hdv_engine_Pipeline_VITIS_LOOP_294_2_fu_966_ap_start_reg                           |   1|   0|    1|          0|
    |grp_hdv_engine_Pipeline_VITIS_LOOP_511_4_fu_988_ap_start_reg                           |   1|   0|    1|          0|
    |grp_hdv_engine_Pipeline_VITIS_LOOP_916_7_fu_1377_ap_start_reg                          |   1|   0|    1|          0|
    |grp_hdv_engine_Pipeline_VITIS_LOOP_929_8_fu_1396_ap_start_reg                          |   1|   0|    1|          0|
    |hdv_engine_bool_op_mode_t_frame_in_t_stream_chv_p_t_bhv_p_t_lhv_p_t_pred_cl            |  32|   0|   32|          0|
    |hdv_engine_bool_op_mode_t_frame_in_t_stream_chv_p_t_bhv_p_t_lhv_p_t_pred_cl_1          |  32|   0|   32|          0|
    |hdv_engine_bool_op_mode_t_frame_in_t_stream_chv_p_t_bhv_p_t_lhv_p_t_pred_cl_10         |   2|   0|    2|          0|
    |hdv_engine_bool_op_mode_t_frame_in_t_stream_chv_p_t_bhv_p_t_lhv_p_t_pred_cl_11         |   2|   0|    2|          0|
    |hdv_engine_bool_op_mode_t_frame_in_t_stream_chv_p_t_bhv_p_t_lhv_p_t_pred_cl_12         |   2|   0|    2|          0|
    |hdv_engine_bool_op_mode_t_frame_in_t_stream_chv_p_t_bhv_p_t_lhv_p_t_pred_cl_13         |  32|   0|   32|          0|
    |hdv_engine_bool_op_mode_t_frame_in_t_stream_chv_p_t_bhv_p_t_lhv_p_t_pred_cl_14         |  32|   0|   32|          0|
    |hdv_engine_bool_op_mode_t_frame_in_t_stream_chv_p_t_bhv_p_t_lhv_p_t_pred_cl_15         |  32|   0|   32|          0|
    |hdv_engine_bool_op_mode_t_frame_in_t_stream_chv_p_t_bhv_p_t_lhv_p_t_pred_cl_16         |  32|   0|   32|          0|
    |hdv_engine_bool_op_mode_t_frame_in_t_stream_chv_p_t_bhv_p_t_lhv_p_t_pred_cl_17         |  32|   0|   32|          0|
    |hdv_engine_bool_op_mode_t_frame_in_t_stream_chv_p_t_bhv_p_t_lhv_p_t_pred_cl_18         |  32|   0|   32|          0|
    |hdv_engine_bool_op_mode_t_frame_in_t_stream_chv_p_t_bhv_p_t_lhv_p_t_pred_cl_19         |  32|   0|   32|          0|
    |hdv_engine_bool_op_mode_t_frame_in_t_stream_chv_p_t_bhv_p_t_lhv_p_t_pred_cl_2          |  32|   0|   32|          0|
    |hdv_engine_bool_op_mode_t_frame_in_t_stream_chv_p_t_bhv_p_t_lhv_p_t_pred_cl_20         |  32|   0|   32|          0|
    |hdv_engine_bool_op_mode_t_frame_in_t_stream_chv_p_t_bhv_p_t_lhv_p_t_pred_cl_21         |  32|   0|   32|          0|
    |hdv_engine_bool_op_mode_t_frame_in_t_stream_chv_p_t_bhv_p_t_lhv_p_t_pred_cl_22         |  32|   0|   32|          0|
    |hdv_engine_bool_op_mode_t_frame_in_t_stream_chv_p_t_bhv_p_t_lhv_p_t_pred_cl_3          |   2|   0|    2|          0|
    |hdv_engine_bool_op_mode_t_frame_in_t_stream_chv_p_t_bhv_p_t_lhv_p_t_pred_cl_4          |   2|   0|    2|          0|
    |hdv_engine_bool_op_mode_t_frame_in_t_stream_chv_p_t_bhv_p_t_lhv_p_t_pred_cl_5          |   2|   0|    2|          0|
    |hdv_engine_bool_op_mode_t_frame_in_t_stream_chv_p_t_bhv_p_t_lhv_p_t_pred_cl_6          |   2|   0|    2|          0|
    |hdv_engine_bool_op_mode_t_frame_in_t_stream_chv_p_t_bhv_p_t_lhv_p_t_pred_cl_7          |   2|   0|    2|          0|
    |hdv_engine_bool_op_mode_t_frame_in_t_stream_chv_p_t_bhv_p_t_lhv_p_t_pred_cl_8          |   2|   0|    2|          0|
    |hdv_engine_bool_op_mode_t_frame_in_t_stream_chv_p_t_bhv_p_t_lhv_p_t_pred_cl_9          |   2|   0|    2|          0|
    |icmp_ln739_reg_11574                                                                   |   1|   0|    1|          0|
    |icmp_ln816_reg_10268                                                                   |   1|   0|    1|          0|
    |or_ln900_reg_11531                                                                     |   1|   0|    1|          0|
    |p_ZZ10hdv_engineRb9op_mode_t10frame_in_tRN3hls6streamINS2_4axisI7ap_uintILi8EELm1      |  32|   0|   32|          0|
    |p_ZZ10hdv_engineRb9op_mode_t10frame_in_tRN3hls6streamINS2_4axisI7ap_uintILi8EELm1_1    |  32|   0|   32|          0|
    |p_ZZ10hdv_engineRb9op_mode_t10frame_in_tRN3hls6streamINS2_4axisI7ap_uintILi8EELm1_10   |  32|   0|   32|          0|
    |p_ZZ10hdv_engineRb9op_mode_t10frame_in_tRN3hls6streamINS2_4axisI7ap_uintILi8EELm1_11   |  32|   0|   32|          0|
    |p_ZZ10hdv_engineRb9op_mode_t10frame_in_tRN3hls6streamINS2_4axisI7ap_uintILi8EELm1_12   |  32|   0|   32|          0|
    |p_ZZ10hdv_engineRb9op_mode_t10frame_in_tRN3hls6streamINS2_4axisI7ap_uintILi8EELm1_13   |  32|   0|   32|          0|
    |p_ZZ10hdv_engineRb9op_mode_t10frame_in_tRN3hls6streamINS2_4axisI7ap_uintILi8EELm1_14   |  32|   0|   32|          0|
    |p_ZZ10hdv_engineRb9op_mode_t10frame_in_tRN3hls6streamINS2_4axisI7ap_uintILi8EELm1_15   |  32|   0|   32|          0|
    |p_ZZ10hdv_engineRb9op_mode_t10frame_in_tRN3hls6streamINS2_4axisI7ap_uintILi8EELm1_16   |  32|   0|   32|          0|
    |p_ZZ10hdv_engineRb9op_mode_t10frame_in_tRN3hls6streamINS2_4axisI7ap_uintILi8EELm1_17   |  32|   0|   32|          0|
    |p_ZZ10hdv_engineRb9op_mode_t10frame_in_tRN3hls6streamINS2_4axisI7ap_uintILi8EELm1_18   |  32|   0|   32|          0|
    |p_ZZ10hdv_engineRb9op_mode_t10frame_in_tRN3hls6streamINS2_4axisI7ap_uintILi8EELm1_19   |  32|   0|   32|          0|
    |p_ZZ10hdv_engineRb9op_mode_t10frame_in_tRN3hls6streamINS2_4axisI7ap_uintILi8EELm1_2    |  32|   0|   32|          0|
    |p_ZZ10hdv_engineRb9op_mode_t10frame_in_tRN3hls6streamINS2_4axisI7ap_uintILi8EELm1_20   |  32|   0|   32|          0|
    |p_ZZ10hdv_engineRb9op_mode_t10frame_in_tRN3hls6streamINS2_4axisI7ap_uintILi8EELm1_21   |  32|   0|   32|          0|
    |p_ZZ10hdv_engineRb9op_mode_t10frame_in_tRN3hls6streamINS2_4axisI7ap_uintILi8EELm1_215  |   2|   0|    2|          0|
    |p_ZZ10hdv_engineRb9op_mode_t10frame_in_tRN3hls6streamINS2_4axisI7ap_uintILi8EELm1_216  |   2|   0|    2|          0|
    |p_ZZ10hdv_engineRb9op_mode_t10frame_in_tRN3hls6streamINS2_4axisI7ap_uintILi8EELm1_217  |   2|   0|    2|          0|
    |p_ZZ10hdv_engineRb9op_mode_t10frame_in_tRN3hls6streamINS2_4axisI7ap_uintILi8EELm1_218  |   2|   0|    2|          0|
    |p_ZZ10hdv_engineRb9op_mode_t10frame_in_tRN3hls6streamINS2_4axisI7ap_uintILi8EELm1_219  |   2|   0|    2|          0|
    |p_ZZ10hdv_engineRb9op_mode_t10frame_in_tRN3hls6streamINS2_4axisI7ap_uintILi8EELm1_22   |  32|   0|   32|          0|
    |p_ZZ10hdv_engineRb9op_mode_t10frame_in_tRN3hls6streamINS2_4axisI7ap_uintILi8EELm1_220  |   2|   0|    2|          0|
    |p_ZZ10hdv_engineRb9op_mode_t10frame_in_tRN3hls6streamINS2_4axisI7ap_uintILi8EELm1_221  |   2|   0|    2|          0|
    |p_ZZ10hdv_engineRb9op_mode_t10frame_in_tRN3hls6streamINS2_4axisI7ap_uintILi8EELm1_222  |   2|   0|    2|          0|
    |p_ZZ10hdv_engineRb9op_mode_t10frame_in_tRN3hls6streamINS2_4axisI7ap_uintILi8EELm1_23   |  32|   0|   32|          0|
    |p_ZZ10hdv_engineRb9op_mode_t10frame_in_tRN3hls6streamINS2_4axisI7ap_uintILi8EELm1_24   |  32|   0|   32|          0|
    |p_ZZ10hdv_engineRb9op_mode_t10frame_in_tRN3hls6streamINS2_4axisI7ap_uintILi8EELm1_25   |  32|   0|   32|          0|
    |p_ZZ10hdv_engineRb9op_mode_t10frame_in_tRN3hls6streamINS2_4axisI7ap_uintILi8EELm1_26   |  32|   0|   32|          0|
    |p_ZZ10hdv_engineRb9op_mode_t10frame_in_tRN3hls6streamINS2_4axisI7ap_uintILi8EELm1_27   |  32|   0|   32|          0|
    |p_ZZ10hdv_engineRb9op_mode_t10frame_in_tRN3hls6streamINS2_4axisI7ap_uintILi8EELm1_28   |  32|   0|   32|          0|
    |p_ZZ10hdv_engineRb9op_mode_t10frame_in_tRN3hls6streamINS2_4axisI7ap_uintILi8EELm1_29   |  32|   0|   32|          0|
    |p_ZZ10hdv_engineRb9op_mode_t10frame_in_tRN3hls6streamINS2_4axisI7ap_uintILi8EELm1_3    |  32|   0|   32|          0|
    |p_ZZ10hdv_engineRb9op_mode_t10frame_in_tRN3hls6streamINS2_4axisI7ap_uintILi8EELm1_30   |  32|   0|   32|          0|
    |p_ZZ10hdv_engineRb9op_mode_t10frame_in_tRN3hls6streamINS2_4axisI7ap_uintILi8EELm1_31   |  32|   0|   32|          0|
    |p_ZZ10hdv_engineRb9op_mode_t10frame_in_tRN3hls6streamINS2_4axisI7ap_uintILi8EELm1_32   |  32|   0|   32|          0|
    |p_ZZ10hdv_engineRb9op_mode_t10frame_in_tRN3hls6streamINS2_4axisI7ap_uintILi8EELm1_33   |  32|   0|   32|          0|
    |p_ZZ10hdv_engineRb9op_mode_t10frame_in_tRN3hls6streamINS2_4axisI7ap_uintILi8EELm1_34   |  32|   0|   32|          0|
    |p_ZZ10hdv_engineRb9op_mode_t10frame_in_tRN3hls6streamINS2_4axisI7ap_uintILi8EELm1_35   |  32|   0|   32|          0|
    |p_ZZ10hdv_engineRb9op_mode_t10frame_in_tRN3hls6streamINS2_4axisI7ap_uintILi8EELm1_36   |  32|   0|   32|          0|
    |p_ZZ10hdv_engineRb9op_mode_t10frame_in_tRN3hls6streamINS2_4axisI7ap_uintILi8EELm1_37   |  32|   0|   32|          0|
    |p_ZZ10hdv_engineRb9op_mode_t10frame_in_tRN3hls6streamINS2_4axisI7ap_uintILi8EELm1_38   |  32|   0|   32|          0|
    |p_ZZ10hdv_engineRb9op_mode_t10frame_in_tRN3hls6streamINS2_4axisI7ap_uintILi8EELm1_39   |  32|   0|   32|          0|
    |p_ZZ10hdv_engineRb9op_mode_t10frame_in_tRN3hls6streamINS2_4axisI7ap_uintILi8EELm1_4    |  32|   0|   32|          0|
    |p_ZZ10hdv_engineRb9op_mode_t10frame_in_tRN3hls6streamINS2_4axisI7ap_uintILi8EELm1_40   |  32|   0|   32|          0|
    |p_ZZ10hdv_engineRb9op_mode_t10frame_in_tRN3hls6streamINS2_4axisI7ap_uintILi8EELm1_41   |  32|   0|   32|          0|
    |p_ZZ10hdv_engineRb9op_mode_t10frame_in_tRN3hls6streamINS2_4axisI7ap_uintILi8EELm1_42   |  32|   0|   32|          0|
    |p_ZZ10hdv_engineRb9op_mode_t10frame_in_tRN3hls6streamINS2_4axisI7ap_uintILi8EELm1_43   |  32|   0|   32|          0|
    |p_ZZ10hdv_engineRb9op_mode_t10frame_in_tRN3hls6streamINS2_4axisI7ap_uintILi8EELm1_44   |  32|   0|   32|          0|
    |p_ZZ10hdv_engineRb9op_mode_t10frame_in_tRN3hls6streamINS2_4axisI7ap_uintILi8EELm1_45   |  32|   0|   32|          0|
    |p_ZZ10hdv_engineRb9op_mode_t10frame_in_tRN3hls6streamINS2_4axisI7ap_uintILi8EELm1_46   |  32|   0|   32|          0|
    |p_ZZ10hdv_engineRb9op_mode_t10frame_in_tRN3hls6streamINS2_4axisI7ap_uintILi8EELm1_47   |  32|   0|   32|          0|
    |p_ZZ10hdv_engineRb9op_mode_t10frame_in_tRN3hls6streamINS2_4axisI7ap_uintILi8EELm1_48   |  32|   0|   32|          0|
    |p_ZZ10hdv_engineRb9op_mode_t10frame_in_tRN3hls6streamINS2_4axisI7ap_uintILi8EELm1_49   |  32|   0|   32|          0|
    |p_ZZ10hdv_engineRb9op_mode_t10frame_in_tRN3hls6streamINS2_4axisI7ap_uintILi8EELm1_5    |  32|   0|   32|          0|
    |p_ZZ10hdv_engineRb9op_mode_t10frame_in_tRN3hls6streamINS2_4axisI7ap_uintILi8EELm1_50   |  32|   0|   32|          0|
    |p_ZZ10hdv_engineRb9op_mode_t10frame_in_tRN3hls6streamINS2_4axisI7ap_uintILi8EELm1_51   |  32|   0|   32|          0|
    |p_ZZ10hdv_engineRb9op_mode_t10frame_in_tRN3hls6streamINS2_4axisI7ap_uintILi8EELm1_52   |  32|   0|   32|          0|
    |p_ZZ10hdv_engineRb9op_mode_t10frame_in_tRN3hls6streamINS2_4axisI7ap_uintILi8EELm1_53   |  32|   0|   32|          0|
    |p_ZZ10hdv_engineRb9op_mode_t10frame_in_tRN3hls6streamINS2_4axisI7ap_uintILi8EELm1_54   |   2|   0|    2|          0|
    |p_ZZ10hdv_engineRb9op_mode_t10frame_in_tRN3hls6streamINS2_4axisI7ap_uintILi8EELm1_55   |   2|   0|    2|          0|
    |p_ZZ10hdv_engineRb9op_mode_t10frame_in_tRN3hls6streamINS2_4axisI7ap_uintILi8EELm1_56   |   2|   0|    2|          0|
    |p_ZZ10hdv_engineRb9op_mode_t10frame_in_tRN3hls6streamINS2_4axisI7ap_uintILi8EELm1_57   |   2|   0|    2|          0|
    |p_ZZ10hdv_engineRb9op_mode_t10frame_in_tRN3hls6streamINS2_4axisI7ap_uintILi8EELm1_58   |   2|   0|    2|          0|
    |p_ZZ10hdv_engineRb9op_mode_t10frame_in_tRN3hls6streamINS2_4axisI7ap_uintILi8EELm1_59   |   2|   0|    2|          0|
    |p_ZZ10hdv_engineRb9op_mode_t10frame_in_tRN3hls6streamINS2_4axisI7ap_uintILi8EELm1_6    |  32|   0|   32|          0|
    |p_ZZ10hdv_engineRb9op_mode_t10frame_in_tRN3hls6streamINS2_4axisI7ap_uintILi8EELm1_60   |   2|   0|    2|          0|
    |p_ZZ10hdv_engineRb9op_mode_t10frame_in_tRN3hls6streamINS2_4axisI7ap_uintILi8EELm1_61   |   2|   0|    2|          0|
    |p_ZZ10hdv_engineRb9op_mode_t10frame_in_tRN3hls6streamINS2_4axisI7ap_uintILi8EELm1_62   |   2|   0|    2|          0|
    |p_ZZ10hdv_engineRb9op_mode_t10frame_in_tRN3hls6streamINS2_4axisI7ap_uintILi8EELm1_63   |   2|   0|    2|          0|
    |p_ZZ10hdv_engineRb9op_mode_t10frame_in_tRN3hls6streamINS2_4axisI7ap_uintILi8EELm1_64   |   2|   0|    2|          0|
    |p_ZZ10hdv_engineRb9op_mode_t10frame_in_tRN3hls6streamINS2_4axisI7ap_uintILi8EELm1_65   |   2|   0|    2|          0|
    |p_ZZ10hdv_engineRb9op_mode_t10frame_in_tRN3hls6streamINS2_4axisI7ap_uintILi8EELm1_66   |   2|   0|    2|          0|
    |p_ZZ10hdv_engineRb9op_mode_t10frame_in_tRN3hls6streamINS2_4axisI7ap_uintILi8EELm1_67   |   2|   0|    2|          0|
    |p_ZZ10hdv_engineRb9op_mode_t10frame_in_tRN3hls6streamINS2_4axisI7ap_uintILi8EELm1_68   |   2|   0|    2|          0|
    |p_ZZ10hdv_engineRb9op_mode_t10frame_in_tRN3hls6streamINS2_4axisI7ap_uintILi8EELm1_69   |   2|   0|    2|          0|
    |p_ZZ10hdv_engineRb9op_mode_t10frame_in_tRN3hls6streamINS2_4axisI7ap_uintILi8EELm1_7    |  32|   0|   32|          0|
    |p_ZZ10hdv_engineRb9op_mode_t10frame_in_tRN3hls6streamINS2_4axisI7ap_uintILi8EELm1_70   |   2|   0|    2|          0|
    |p_ZZ10hdv_engineRb9op_mode_t10frame_in_tRN3hls6streamINS2_4axisI7ap_uintILi8EELm1_71   |   2|   0|    2|          0|
    |p_ZZ10hdv_engineRb9op_mode_t10frame_in_tRN3hls6streamINS2_4axisI7ap_uintILi8EELm1_72   |   2|   0|    2|          0|
    |p_ZZ10hdv_engineRb9op_mode_t10frame_in_tRN3hls6streamINS2_4axisI7ap_uintILi8EELm1_73   |   2|   0|    2|          0|
    |p_ZZ10hdv_engineRb9op_mode_t10frame_in_tRN3hls6streamINS2_4axisI7ap_uintILi8EELm1_74   |   2|   0|    2|          0|
    |p_ZZ10hdv_engineRb9op_mode_t10frame_in_tRN3hls6streamINS2_4axisI7ap_uintILi8EELm1_75   |   2|   0|    2|          0|
    |p_ZZ10hdv_engineRb9op_mode_t10frame_in_tRN3hls6streamINS2_4axisI7ap_uintILi8EELm1_76   |   2|   0|    2|          0|
    |p_ZZ10hdv_engineRb9op_mode_t10frame_in_tRN3hls6streamINS2_4axisI7ap_uintILi8EELm1_77   |   2|   0|    2|          0|
    |p_ZZ10hdv_engineRb9op_mode_t10frame_in_tRN3hls6streamINS2_4axisI7ap_uintILi8EELm1_78   |   2|   0|    2|          0|
    |p_ZZ10hdv_engineRb9op_mode_t10frame_in_tRN3hls6streamINS2_4axisI7ap_uintILi8EELm1_79   |   2|   0|    2|          0|
    |p_ZZ10hdv_engineRb9op_mode_t10frame_in_tRN3hls6streamINS2_4axisI7ap_uintILi8EELm1_8    |  32|   0|   32|          0|
    |p_ZZ10hdv_engineRb9op_mode_t10frame_in_tRN3hls6streamINS2_4axisI7ap_uintILi8EELm1_80   |   2|   0|    2|          0|
    |p_ZZ10hdv_engineRb9op_mode_t10frame_in_tRN3hls6streamINS2_4axisI7ap_uintILi8EELm1_81   |   2|   0|    2|          0|
    |p_ZZ10hdv_engineRb9op_mode_t10frame_in_tRN3hls6streamINS2_4axisI7ap_uintILi8EELm1_82   |   2|   0|    2|          0|
    |p_ZZ10hdv_engineRb9op_mode_t10frame_in_tRN3hls6streamINS2_4axisI7ap_uintILi8EELm1_83   |   2|   0|    2|          0|
    |p_ZZ10hdv_engineRb9op_mode_t10frame_in_tRN3hls6streamINS2_4axisI7ap_uintILi8EELm1_84   |   2|   0|    2|          0|
    |p_ZZ10hdv_engineRb9op_mode_t10frame_in_tRN3hls6streamINS2_4axisI7ap_uintILi8EELm1_85   |   2|   0|    2|          0|
    |p_ZZ10hdv_engineRb9op_mode_t10frame_in_tRN3hls6streamINS2_4axisI7ap_uintILi8EELm1_86   |   2|   0|    2|          0|
    |p_ZZ10hdv_engineRb9op_mode_t10frame_in_tRN3hls6streamINS2_4axisI7ap_uintILi8EELm1_87   |   2|   0|    2|          0|
    |p_ZZ10hdv_engineRb9op_mode_t10frame_in_tRN3hls6streamINS2_4axisI7ap_uintILi8EELm1_88   |   2|   0|    2|          0|
    |p_ZZ10hdv_engineRb9op_mode_t10frame_in_tRN3hls6streamINS2_4axisI7ap_uintILi8EELm1_89   |   2|   0|    2|          0|
    |p_ZZ10hdv_engineRb9op_mode_t10frame_in_tRN3hls6streamINS2_4axisI7ap_uintILi8EELm1_9    |  32|   0|   32|          0|
    |p_ZZ10hdv_engineRb9op_mode_t10frame_in_tRN3hls6streamINS2_4axisI7ap_uintILi8EELm1_90   |   2|   0|    2|          0|
    |p_ZZ10hdv_engineRb9op_mode_t10frame_in_tRN3hls6streamINS2_4axisI7ap_uintILi8EELm1_91   |   2|   0|    2|          0|
    |p_ZZ10hdv_engineRb9op_mode_t10frame_in_tRN3hls6streamINS2_4axisI7ap_uintILi8EELm1_92   |   2|   0|    2|          0|
    |p_ZZ10hdv_engineRb9op_mode_t10frame_in_tRN3hls6streamINS2_4axisI7ap_uintILi8EELm1_93   |   2|   0|    2|          0|
    |p_ZZ10hdv_engineRb9op_mode_t10frame_in_tRN3hls6streamINS2_4axisI7ap_uintILi8EELm1_94   |   2|   0|    2|          0|
    |p_ZZ10hdv_engineRb9op_mode_t10frame_in_tRN3hls6streamINS2_4axisI7ap_uintILi8EELm1_95   |   2|   0|    2|          0|
    |p_ZZ10hdv_engineRb9op_mode_t10frame_in_tRN3hls6streamINS2_4axisI7ap_uintILi8EELm1_96   |   2|   0|    2|          0|
    |p_ZZ10hdv_engineRb9op_mode_t10frame_in_tRN3hls6streamINS2_4axisI7ap_uintILi8EELm1_97   |   2|   0|    2|          0|
    |p_ZZ10hdv_engineRb9op_mode_t10frame_in_tRN3hls6streamINS2_4axisI7ap_uintILi8EELm1_98   |   2|   0|    2|          0|
    |p_ZZ10hdv_engineRb9op_mode_t10frame_in_tRN3hls6streamINS2_4axisI7ap_uintILi8EELm1_99   |   2|   0|    2|          0|
    |p_bhv_i_0_10_reg_9669                                                                  |   1|   0|    1|          0|
    |p_bhv_i_0_11_reg_9674                                                                  |   1|   0|    1|          0|
    |p_bhv_i_0_12_reg_9679                                                                  |   1|   0|    1|          0|
    |p_bhv_i_0_1_reg_9624                                                                   |   1|   0|    1|          0|
    |p_bhv_i_0_2_reg_9629                                                                   |   1|   0|    1|          0|
    |p_bhv_i_0_3_reg_9634                                                                   |   1|   0|    1|          0|
    |p_bhv_i_0_4_reg_9639                                                                   |   1|   0|    1|          0|
    |p_bhv_i_0_5_reg_9644                                                                   |   1|   0|    1|          0|
    |p_bhv_i_0_6_reg_9649                                                                   |   1|   0|    1|          0|
    |p_bhv_i_0_7_reg_9654                                                                   |   1|   0|    1|          0|
    |p_bhv_i_0_8_reg_9659                                                                   |   1|   0|    1|          0|
    |p_bhv_i_0_9_reg_9664                                                                   |   1|   0|    1|          0|
    |p_bhv_i_0_reg_9619                                                                     |   1|   0|    1|          0|
    |p_bhv_i_1_10_reg_9734                                                                  |   1|   0|    1|          0|
    |p_bhv_i_1_11_reg_9739                                                                  |   1|   0|    1|          0|
    |p_bhv_i_1_12_reg_9744                                                                  |   1|   0|    1|          0|
    |p_bhv_i_1_1_reg_9689                                                                   |   1|   0|    1|          0|
    |p_bhv_i_1_2_reg_9694                                                                   |   1|   0|    1|          0|
    |p_bhv_i_1_3_reg_9699                                                                   |   1|   0|    1|          0|
    |p_bhv_i_1_4_reg_9704                                                                   |   1|   0|    1|          0|
    |p_bhv_i_1_5_reg_9709                                                                   |   1|   0|    1|          0|
    |p_bhv_i_1_6_reg_9714                                                                   |   1|   0|    1|          0|
    |p_bhv_i_1_7_reg_9719                                                                   |   1|   0|    1|          0|
    |p_bhv_i_1_8_reg_9724                                                                   |   1|   0|    1|          0|
    |p_bhv_i_1_9_reg_9729                                                                   |   1|   0|    1|          0|
    |p_bhv_i_1_reg_9684                                                                     |   1|   0|    1|          0|
    |p_bhv_i_2_10_reg_9799                                                                  |   1|   0|    1|          0|
    |p_bhv_i_2_11_reg_9804                                                                  |   1|   0|    1|          0|
    |p_bhv_i_2_12_reg_9809                                                                  |   1|   0|    1|          0|
    |p_bhv_i_2_1_reg_9754                                                                   |   1|   0|    1|          0|
    |p_bhv_i_2_2_reg_9759                                                                   |   1|   0|    1|          0|
    |p_bhv_i_2_3_reg_9764                                                                   |   1|   0|    1|          0|
    |p_bhv_i_2_4_reg_9769                                                                   |   1|   0|    1|          0|
    |p_bhv_i_2_5_reg_9774                                                                   |   1|   0|    1|          0|
    |p_bhv_i_2_6_reg_9779                                                                   |   1|   0|    1|          0|
    |p_bhv_i_2_7_reg_9784                                                                   |   1|   0|    1|          0|
    |p_bhv_i_2_8_reg_9789                                                                   |   1|   0|    1|          0|
    |p_bhv_i_2_9_reg_9794                                                                   |   1|   0|    1|          0|
    |p_bhv_i_2_reg_9749                                                                     |   1|   0|    1|          0|
    |p_bhv_i_3_10_reg_9864                                                                  |   1|   0|    1|          0|
    |p_bhv_i_3_11_reg_9869                                                                  |   1|   0|    1|          0|
    |p_bhv_i_3_12_reg_9874                                                                  |   1|   0|    1|          0|
    |p_bhv_i_3_1_reg_9819                                                                   |   1|   0|    1|          0|
    |p_bhv_i_3_2_reg_9824                                                                   |   1|   0|    1|          0|
    |p_bhv_i_3_3_reg_9829                                                                   |   1|   0|    1|          0|
    |p_bhv_i_3_4_reg_9834                                                                   |   1|   0|    1|          0|
    |p_bhv_i_3_5_reg_9839                                                                   |   1|   0|    1|          0|
    |p_bhv_i_3_6_reg_9844                                                                   |   1|   0|    1|          0|
    |p_bhv_i_3_7_reg_9849                                                                   |   1|   0|    1|          0|
    |p_bhv_i_3_8_reg_9854                                                                   |   1|   0|    1|          0|
    |p_bhv_i_3_9_reg_9859                                                                   |   1|   0|    1|          0|
    |p_bhv_i_3_reg_9814                                                                     |   1|   0|    1|          0|
    |p_bhv_i_4_10_reg_9929                                                                  |   1|   0|    1|          0|
    |p_bhv_i_4_11_reg_9934                                                                  |   1|   0|    1|          0|
    |p_bhv_i_4_1_reg_9884                                                                   |   1|   0|    1|          0|
    |p_bhv_i_4_2_reg_9889                                                                   |   1|   0|    1|          0|
    |p_bhv_i_4_3_reg_9894                                                                   |   1|   0|    1|          0|
    |p_bhv_i_4_4_reg_9899                                                                   |   1|   0|    1|          0|
    |p_bhv_i_4_5_reg_9904                                                                   |   1|   0|    1|          0|
    |p_bhv_i_4_6_reg_9909                                                                   |   1|   0|    1|          0|
    |p_bhv_i_4_7_reg_9914                                                                   |   1|   0|    1|          0|
    |p_bhv_i_4_8_reg_9919                                                                   |   1|   0|    1|          0|
    |p_bhv_i_4_9_reg_9924                                                                   |   1|   0|    1|          0|
    |p_bhv_i_4_reg_9879                                                                     |   1|   0|    1|          0|
    |p_chv_10_reg_9451                                                                      |  11|   0|   11|          0|
    |p_chv_12_reg_9457                                                                      |  11|   0|   11|          0|
    |p_chv_14_reg_9463                                                                      |  11|   0|   11|          0|
    |p_chv_16_reg_9469                                                                      |  11|   0|   11|          0|
    |p_chv_18_reg_9475                                                                      |  11|   0|   11|          0|
    |p_chv_1_reg_9421                                                                       |  11|   0|   11|          0|
    |p_chv_20_reg_9481                                                                      |  11|   0|   11|          0|
    |p_chv_22_reg_9487                                                                      |  11|   0|   11|          0|
    |p_chv_24_reg_9493                                                                      |  11|   0|   11|          0|
    |p_chv_26_reg_9499                                                                      |  11|   0|   11|          0|
    |p_chv_28_reg_9505                                                                      |  11|   0|   11|          0|
    |p_chv_29_reg_9510                                                                      |  11|   0|   11|          0|
    |p_chv_31_reg_9515                                                                      |  11|   0|   11|          0|
    |p_chv_33_reg_9521                                                                      |  11|   0|   11|          0|
    |p_chv_35_reg_9527                                                                      |  11|   0|   11|          0|
    |p_chv_37_reg_9533                                                                      |  11|   0|   11|          0|
    |p_chv_39_reg_9539                                                                      |  11|   0|   11|          0|
    |p_chv_3_reg_9427                                                                       |  11|   0|   11|          0|
    |p_chv_41_reg_9545                                                                      |  11|   0|   11|          0|
    |p_chv_43_reg_9551                                                                      |  11|   0|   11|          0|
    |p_chv_45_reg_9557                                                                      |  11|   0|   11|          0|
    |p_chv_47_reg_9563                                                                      |  11|   0|   11|          0|
    |p_chv_49_reg_9569                                                                      |  11|   0|   11|          0|
    |p_chv_51_reg_9575                                                                      |  11|   0|   11|          0|
    |p_chv_53_reg_9581                                                                      |  11|   0|   11|          0|
    |p_chv_55_reg_9587                                                                      |  11|   0|   11|          0|
    |p_chv_57_reg_9593                                                                      |  11|   0|   11|          0|
    |p_chv_58_reg_9599                                                                      |  11|   0|   11|          0|
    |p_chv_59_reg_9604                                                                      |  11|   0|   11|          0|
    |p_chv_5_reg_9433                                                                       |  11|   0|   11|          0|
    |p_chv_60_reg_9609                                                                      |  11|   0|   11|          0|
    |p_chv_61_reg_9614                                                                      |  11|   0|   11|          0|
    |p_chv_7_reg_9439                                                                       |  11|   0|   11|          0|
    |p_chv_9_reg_9445                                                                       |  11|   0|   11|          0|
    |p_chv_reg_9415                                                                         |  11|   0|   11|          0|
    |p_lhv_i_0_10_reg_9989                                                                  |   1|   0|    1|          0|
    |p_lhv_i_0_11_reg_9994                                                                  |   1|   0|    1|          0|
    |p_lhv_i_0_12_reg_9999                                                                  |   1|   0|    1|          0|
    |p_lhv_i_0_1_reg_9944                                                                   |   1|   0|    1|          0|
    |p_lhv_i_0_2_reg_9949                                                                   |   1|   0|    1|          0|
    |p_lhv_i_0_3_reg_9954                                                                   |   1|   0|    1|          0|
    |p_lhv_i_0_4_reg_9959                                                                   |   1|   0|    1|          0|
    |p_lhv_i_0_5_reg_9964                                                                   |   1|   0|    1|          0|
    |p_lhv_i_0_6_reg_9969                                                                   |   1|   0|    1|          0|
    |p_lhv_i_0_7_reg_9974                                                                   |   1|   0|    1|          0|
    |p_lhv_i_0_8_reg_9979                                                                   |   1|   0|    1|          0|
    |p_lhv_i_0_9_reg_9984                                                                   |   1|   0|    1|          0|
    |p_lhv_i_0_reg_9939                                                                     |   1|   0|    1|          0|
    |p_lhv_i_1_10_reg_10054                                                                 |   1|   0|    1|          0|
    |p_lhv_i_1_11_reg_10059                                                                 |   1|   0|    1|          0|
    |p_lhv_i_1_12_reg_10064                                                                 |   1|   0|    1|          0|
    |p_lhv_i_1_1_reg_10009                                                                  |   1|   0|    1|          0|
    |p_lhv_i_1_2_reg_10014                                                                  |   1|   0|    1|          0|
    |p_lhv_i_1_3_reg_10019                                                                  |   1|   0|    1|          0|
    |p_lhv_i_1_4_reg_10024                                                                  |   1|   0|    1|          0|
    |p_lhv_i_1_5_reg_10029                                                                  |   1|   0|    1|          0|
    |p_lhv_i_1_6_reg_10034                                                                  |   1|   0|    1|          0|
    |p_lhv_i_1_7_reg_10039                                                                  |   1|   0|    1|          0|
    |p_lhv_i_1_8_reg_10044                                                                  |   1|   0|    1|          0|
    |p_lhv_i_1_9_reg_10049                                                                  |   1|   0|    1|          0|
    |p_lhv_i_1_reg_10004                                                                    |   1|   0|    1|          0|
    |p_lhv_i_2_10_reg_10119                                                                 |   1|   0|    1|          0|
    |p_lhv_i_2_11_reg_10124                                                                 |   1|   0|    1|          0|
    |p_lhv_i_2_12_reg_10129                                                                 |   1|   0|    1|          0|
    |p_lhv_i_2_1_reg_10074                                                                  |   1|   0|    1|          0|
    |p_lhv_i_2_2_reg_10079                                                                  |   1|   0|    1|          0|
    |p_lhv_i_2_3_reg_10084                                                                  |   1|   0|    1|          0|
    |p_lhv_i_2_4_reg_10089                                                                  |   1|   0|    1|          0|
    |p_lhv_i_2_5_reg_10094                                                                  |   1|   0|    1|          0|
    |p_lhv_i_2_6_reg_10099                                                                  |   1|   0|    1|          0|
    |p_lhv_i_2_7_reg_10104                                                                  |   1|   0|    1|          0|
    |p_lhv_i_2_8_reg_10109                                                                  |   1|   0|    1|          0|
    |p_lhv_i_2_9_reg_10114                                                                  |   1|   0|    1|          0|
    |p_lhv_i_2_reg_10069                                                                    |   1|   0|    1|          0|
    |p_lhv_i_3_10_reg_10184                                                                 |   1|   0|    1|          0|
    |p_lhv_i_3_11_reg_10189                                                                 |   1|   0|    1|          0|
    |p_lhv_i_3_12_reg_10194                                                                 |   1|   0|    1|          0|
    |p_lhv_i_3_1_reg_10139                                                                  |   1|   0|    1|          0|
    |p_lhv_i_3_2_reg_10144                                                                  |   1|   0|    1|          0|
    |p_lhv_i_3_3_reg_10149                                                                  |   1|   0|    1|          0|
    |p_lhv_i_3_4_reg_10154                                                                  |   1|   0|    1|          0|
    |p_lhv_i_3_5_reg_10159                                                                  |   1|   0|    1|          0|
    |p_lhv_i_3_6_reg_10164                                                                  |   1|   0|    1|          0|
    |p_lhv_i_3_7_reg_10169                                                                  |   1|   0|    1|          0|
    |p_lhv_i_3_8_reg_10174                                                                  |   1|   0|    1|          0|
    |p_lhv_i_3_9_reg_10179                                                                  |   1|   0|    1|          0|
    |p_lhv_i_3_reg_10134                                                                    |   1|   0|    1|          0|
    |p_lhv_i_4_10_reg_10249                                                                 |   1|   0|    1|          0|
    |p_lhv_i_4_11_reg_10254                                                                 |   1|   0|    1|          0|
    |p_lhv_i_4_1_reg_10204                                                                  |   1|   0|    1|          0|
    |p_lhv_i_4_2_reg_10209                                                                  |   1|   0|    1|          0|
    |p_lhv_i_4_3_reg_10214                                                                  |   1|   0|    1|          0|
    |p_lhv_i_4_4_reg_10219                                                                  |   1|   0|    1|          0|
    |p_lhv_i_4_5_reg_10224                                                                  |   1|   0|    1|          0|
    |p_lhv_i_4_6_reg_10229                                                                  |   1|   0|    1|          0|
    |p_lhv_i_4_7_reg_10234                                                                  |   1|   0|    1|          0|
    |p_lhv_i_4_8_reg_10239                                                                  |   1|   0|    1|          0|
    |p_lhv_i_4_9_reg_10244                                                                  |   1|   0|    1|          0|
    |p_lhv_i_4_reg_10199                                                                    |   1|   0|    1|          0|
    |p_pred_class_o                                                                         |   2|   0|    2|          0|
    |storemerge_reg_939                                                                     |  32|   0|   32|          0|
    |trunc_ln7_reg_9405                                                                     |   2|   0|    2|          0|
    +---------------------------------------------------------------------------------------+----+----+-----+-----------+
    |Total                                                                                  |3445|   0| 3445|          0|
    +---------------------------------------------------------------------------------------+----+----+-----+-----------+



================================================================
== Interface
================================================================
* Summary: 
+----------------+-----+-----+------------+------------------+--------------+
|    RTL Ports   | Dir | Bits|  Protocol  |   Source Object  |    C Type    |
+----------------+-----+-----+------------+------------------+--------------+
|ap_clk          |   in|    1|  ap_ctrl_hs|        hdv_engine|  return value|
|ap_rst_n        |   in|    1|  ap_ctrl_hs|        hdv_engine|  return value|
|ap_start        |   in|    1|  ap_ctrl_hs|        hdv_engine|  return value|
|ap_done         |  out|    1|  ap_ctrl_hs|        hdv_engine|  return value|
|ap_idle         |  out|    1|  ap_ctrl_hs|        hdv_engine|  return value|
|ap_ready        |  out|    1|  ap_ctrl_hs|        hdv_engine|  return value|
|nrst_i          |   in|    1|     ap_none|            nrst_i|       pointer|
|op_mode_i       |   in|   16|     ap_none|         op_mode_i|        scalar|
|frame_in        |   in|   48|     ap_none|          frame_in|        scalar|
|sdata_i_TDATA   |   in|    8|        axis|  sdata_i_V_data_V|       pointer|
|sdata_i_TVALID  |   in|    1|        axis|  sdata_i_V_dest_V|       pointer|
|sdata_i_TREADY  |  out|    1|        axis|  sdata_i_V_dest_V|       pointer|
|sdata_i_TDEST   |   in|    1|        axis|  sdata_i_V_dest_V|       pointer|
|sdata_i_TKEEP   |   in|    1|        axis|  sdata_i_V_keep_V|       pointer|
|sdata_i_TSTRB   |   in|    1|        axis|  sdata_i_V_strb_V|       pointer|
|sdata_i_TUSER   |   in|    1|        axis|  sdata_i_V_user_V|       pointer|
|sdata_i_TLAST   |   in|    1|        axis|  sdata_i_V_last_V|       pointer|
|sdata_i_TID     |   in|    1|        axis|    sdata_i_V_id_V|       pointer|
|chv_i           |   in|  704|     ap_none|             chv_i|       pointer|
|bhv_i           |   in|   64|     ap_none|             bhv_i|       pointer|
|lhv_i           |   in|   64|     ap_none|             lhv_i|       pointer|
|pred_class_o    |  out|    6|     ap_none|      pred_class_o|       pointer|
|status_o        |  out|    5|     ap_none|          status_o|       pointer|
+----------------+-----+-----+------------+------------------+--------------+

